// Jest Snapshot v1, https://goo.gl/fbAQLP

exports[`App Rendering should match to snapshot 1`] = `ShallowWrapper {}`;
